CREATE EXTENSION pg_stat_statements;
DROP EXTENSION pg_stat_statements;
